// Jest Snapshot v1, https://goo.gl/fbAQLP

exports[`<Container /> should render the heading 1`] = `
.c0 {
  max-width: 120rem;
  margin-left: auto;
  margin-right: auto;
  padding-left: calc(0.938rem / 2);
  padding-right: calc(0.938rem / 2);
}

<div
  class="c0"
>
  <span>
    Raia Dograsil
  </span>
</div>
`;
